../Core/Src/main.c:102:5:main	16	static
../Core/Src/main.c:160:6:SystemClock_Config	88	static
../Core/Src/main.c:207:13:MX_ADC1_Init	24	static
../Core/Src/main.c:259:13:MX_DAC_Init	16	static
../Core/Src/main.c:306:13:MX_TIM2_Init	32	static
../Core/Src/main.c:351:13:MX_USART1_UART_Init	8	static
../Core/Src/main.c:382:13:MX_DMA_Init	16	static
../Core/Src/main.c:404:13:MX_GPIO_Init	16	static
../Core/Src/main.c:420:6:HAL_ADC_ConvCpltCallback	24	static
../Core/Src/main.c:437:6:process_signal	8	static
../Core/Src/main.c:448:6:Error_Handler	4	static,ignoring_inline_asm
